Project: Project and context management [ca6a73e0-ae93-49a3-b287-12071f7446fd]
  source: /Users/zoki/code/context/.scratch/records/project.md
Evaluation: complete; inventory: complete

Goals:
Make project understanding durable through local, Git-native records and a reusable Go core, delivered first through a read-only CLI. The [product vision](../../docs/vision.md) defines the direction and staged adoption.

Deliver [session orientation](../session-orientation/spec.md) so a fresh agent can inspect goals, current commitments, ready work, and unresolved decisions before requesting detailed task context. Show eligible work with reasons and retain useful known information with explicit gaps.
  source: /Users/zoki/code/context/.scratch/records/project.md
  References:
    unknown [unknown] /Users/zoki/code/context/docs/vision.md (from /Users/zoki/code/context/.scratch/records/project.md; link "../../docs/vision.md")
    unknown [unknown] /Users/zoki/code/context/.scratch/session-orientation/spec.md (from /Users/zoki/code/context/.scratch/records/project.md; link "../session-orientation/spec.md")

Current commitments:
  Share captured sources between readers [0ab38e7a-c417-4f5d-a1e6-3d012b785952]
    source: /Users/zoki/code/context/.scratch/records/cli-wayfinding/issues/01-share-captured-sources.md (from /Users/zoki/code/context/.scratch/records/project.md; link "cli-wayfinding/issues/01-share-captured-sources.md")
    execution: completed; readiness: ready
  Show compact project orientation [8dc99b87-b5b6-4cba-82be-dbd1dec85bfc]
    source: /Users/zoki/code/context/.scratch/records/cli-wayfinding/issues/02-compact-orientation.md (from /Users/zoki/code/context/.scratch/records/project.md; link "cli-wayfinding/issues/02-compact-orientation.md")
    execution: completed; readiness: ready
  Resume a task without recovery notes [275621c7-0090-4d6b-95ab-04b343e9141e]
    source: /Users/zoki/code/context/.scratch/records/cli-wayfinding/issues/03-resume-without-notes.md (from /Users/zoki/code/context/.scratch/records/project.md; link "cli-wayfinding/issues/03-resume-without-notes.md")
    execution: completed; readiness: blocked
  Resume from a retained checkpoint [0ddb768d-f1eb-470f-abbb-6eea7e791b94]
    source: /Users/zoki/code/context/.scratch/records/cli-wayfinding/issues/04-retained-checkpoint.md (from /Users/zoki/code/context/.scratch/records/project.md; link "cli-wayfinding/issues/04-retained-checkpoint.md")
    execution: completed; readiness: blocked
  Handle competing and interrupted checkpoints [94acbf45-cc6b-4957-b3fe-3218e955ef3f]
    source: /Users/zoki/code/context/.scratch/records/cli-wayfinding/issues/05-competing-checkpoints.md (from /Users/zoki/code/context/.scratch/records/project.md; link "cli-wayfinding/issues/05-competing-checkpoints.md")
    execution: completed; readiness: blocked
  Teach skills to maintain and recover working notes [7ce25cb8-22e4-4012-9ba4-dee5095a5c6f]
    source: /Users/zoki/code/context/.scratch/records/cli-wayfinding/issues/06-recovery-skills.md (from /Users/zoki/code/context/.scratch/records/project.md; link "cli-wayfinding/issues/06-recovery-skills.md")
    execution: completed; readiness: blocked
  Verify the complete interrupted-task workflow [a9d219cd-935b-4f9a-83db-9473e2d4ea6a]
    source: /Users/zoki/code/context/.scratch/records/cli-wayfinding/issues/07-verify-workflow.md (from /Users/zoki/code/context/.scratch/records/project.md; link "cli-wayfinding/issues/07-verify-workflow.md")
    execution: in-progress; readiness: blocked

Needs attention:
  acceptance/snapshot_changed:
    snapshot source differs from the recorded digest
    source: /Users/zoki/code/context/docs/readers.md (from /Users/zoki/code/context/.scratch/records/cli-wayfinding/acceptances/01-share-captured-sources-compatibility-20260919.md; link "../../../../docs/readers.md")
    source: /Users/zoki/code/context/docs/readers.md (from /Users/zoki/code/context/.scratch/records/cli-wayfinding/acceptances/02-compact-orientation-resume-20260919.md; link "../../../../docs/readers.md")
    source: /Users/zoki/code/context/docs/readers.md (from /Users/zoki/code/context/.scratch/records/cli-wayfinding/acceptances/03-resume-without-notes-20260919.md; link "../../../../docs/readers.md")
    source: /Users/zoki/code/context/docs/readers.md (from /Users/zoki/code/context/.scratch/records/cli-wayfinding/acceptances/04-retained-checkpoint-review-20260919.md; link "../../../../docs/readers.md")
    source: /Users/zoki/code/context/docs/readers.md (from /Users/zoki/code/context/.scratch/records/cli-wayfinding/acceptances/05-competing-checkpoints-20260919.md; link "../../../../docs/readers.md")
    source: /Users/zoki/code/context/docs/readers.md (from /Users/zoki/code/context/.scratch/records/cli-wayfinding/acceptances/06-recovery-skills-20260919.md; link "../../../../docs/readers.md")
    Affected work:
      Share captured sources between readers [0ab38e7a-c417-4f5d-a1e6-3d012b785952] /Users/zoki/code/context/.scratch/records/cli-wayfinding/issues/01-share-captured-sources.md
      Show compact project orientation [8dc99b87-b5b6-4cba-82be-dbd1dec85bfc] /Users/zoki/code/context/.scratch/records/cli-wayfinding/issues/02-compact-orientation.md
      Resume a task without recovery notes [275621c7-0090-4d6b-95ab-04b343e9141e] /Users/zoki/code/context/.scratch/records/cli-wayfinding/issues/03-resume-without-notes.md
      Resume from a retained checkpoint [0ddb768d-f1eb-470f-abbb-6eea7e791b94] /Users/zoki/code/context/.scratch/records/cli-wayfinding/issues/04-retained-checkpoint.md
      Handle competing and interrupted checkpoints [94acbf45-cc6b-4957-b3fe-3218e955ef3f] /Users/zoki/code/context/.scratch/records/cli-wayfinding/issues/05-competing-checkpoints.md
      Teach skills to maintain and recover working notes [7ce25cb8-22e4-4012-9ba4-dee5095a5c6f] /Users/zoki/code/context/.scratch/records/cli-wayfinding/issues/06-recovery-skills.md
  acceptance/snapshot_changed:
    snapshot source differs from the recorded digest
    source: /Users/zoki/code/context/docs/discovery.md (from /Users/zoki/code/context/.scratch/records/cli-wayfinding/acceptances/01-share-captured-sources-compatibility-20260919.md; link "../../../../docs/discovery.md")
    source: /Users/zoki/code/context/docs/discovery.md (from /Users/zoki/code/context/.scratch/records/cli-wayfinding/acceptances/02-compact-orientation-resume-20260919.md; link "../../../../docs/discovery.md")
    source: /Users/zoki/code/context/docs/discovery.md (from /Users/zoki/code/context/.scratch/records/cli-wayfinding/acceptances/03-resume-without-notes-20260919.md; link "../../../../docs/discovery.md")
    source: /Users/zoki/code/context/docs/discovery.md (from /Users/zoki/code/context/.scratch/records/cli-wayfinding/acceptances/04-retained-checkpoint-review-20260919.md; link "../../../../docs/discovery.md")
    source: /Users/zoki/code/context/docs/discovery.md (from /Users/zoki/code/context/.scratch/records/cli-wayfinding/acceptances/05-competing-checkpoints-20260919.md; link "../../../../docs/discovery.md")
    source: /Users/zoki/code/context/docs/discovery.md (from /Users/zoki/code/context/.scratch/records/cli-wayfinding/acceptances/06-recovery-skills-20260919.md; link "../../../../docs/discovery.md")
    Affected work:
      Share captured sources between readers [0ab38e7a-c417-4f5d-a1e6-3d012b785952] /Users/zoki/code/context/.scratch/records/cli-wayfinding/issues/01-share-captured-sources.md
      Show compact project orientation [8dc99b87-b5b6-4cba-82be-dbd1dec85bfc] /Users/zoki/code/context/.scratch/records/cli-wayfinding/issues/02-compact-orientation.md
      Resume a task without recovery notes [275621c7-0090-4d6b-95ab-04b343e9141e] /Users/zoki/code/context/.scratch/records/cli-wayfinding/issues/03-resume-without-notes.md
      Resume from a retained checkpoint [0ddb768d-f1eb-470f-abbb-6eea7e791b94] /Users/zoki/code/context/.scratch/records/cli-wayfinding/issues/04-retained-checkpoint.md
      Handle competing and interrupted checkpoints [94acbf45-cc6b-4957-b3fe-3218e955ef3f] /Users/zoki/code/context/.scratch/records/cli-wayfinding/issues/05-competing-checkpoints.md
      Teach skills to maintain and recover working notes [7ce25cb8-22e4-4012-9ba4-dee5095a5c6f] /Users/zoki/code/context/.scratch/records/cli-wayfinding/issues/06-recovery-skills.md
  dependencies/snapshot_changed:
    snapshot source differs from the recorded digest
    source: /Users/zoki/code/context/docs/readers.md (from /Users/zoki/code/context/.scratch/records/cli-wayfinding/acceptances/01-share-captured-sources-compatibility-20260919.md; link "../../../../docs/readers.md")
    source: /Users/zoki/code/context/docs/readers.md (from /Users/zoki/code/context/.scratch/records/cli-wayfinding/acceptances/03-resume-without-notes-20260919.md; link "../../../../docs/readers.md")
    source: /Users/zoki/code/context/docs/readers.md (from /Users/zoki/code/context/.scratch/records/cli-wayfinding/acceptances/04-retained-checkpoint-review-20260919.md; link "../../../../docs/readers.md")
    source: /Users/zoki/code/context/docs/readers.md (from /Users/zoki/code/context/.scratch/records/cli-wayfinding/acceptances/05-competing-checkpoints-20260919.md; link "../../../../docs/readers.md")
    source: /Users/zoki/code/context/docs/readers.md (from /Users/zoki/code/context/.scratch/records/cli-wayfinding/acceptances/02-compact-orientation-resume-20260919.md; link "../../../../docs/readers.md")
    source: /Users/zoki/code/context/docs/readers.md (from /Users/zoki/code/context/.scratch/records/cli-wayfinding/acceptances/06-recovery-skills-20260919.md; link "../../../../docs/readers.md")
    Affected work:
      Resume a task without recovery notes [275621c7-0090-4d6b-95ab-04b343e9141e] /Users/zoki/code/context/.scratch/records/cli-wayfinding/issues/03-resume-without-notes.md
      Resume from a retained checkpoint [0ddb768d-f1eb-470f-abbb-6eea7e791b94] /Users/zoki/code/context/.scratch/records/cli-wayfinding/issues/04-retained-checkpoint.md
      Handle competing and interrupted checkpoints [94acbf45-cc6b-4957-b3fe-3218e955ef3f] /Users/zoki/code/context/.scratch/records/cli-wayfinding/issues/05-competing-checkpoints.md
      Teach skills to maintain and recover working notes [7ce25cb8-22e4-4012-9ba4-dee5095a5c6f] /Users/zoki/code/context/.scratch/records/cli-wayfinding/issues/06-recovery-skills.md
      Verify the complete interrupted-task workflow [a9d219cd-935b-4f9a-83db-9473e2d4ea6a] /Users/zoki/code/context/.scratch/records/cli-wayfinding/issues/07-verify-workflow.md
  dependencies/snapshot_changed:
    snapshot source differs from the recorded digest
    source: /Users/zoki/code/context/docs/discovery.md (from /Users/zoki/code/context/.scratch/records/cli-wayfinding/acceptances/01-share-captured-sources-compatibility-20260919.md; link "../../../../docs/discovery.md")
    source: /Users/zoki/code/context/docs/discovery.md (from /Users/zoki/code/context/.scratch/records/cli-wayfinding/acceptances/03-resume-without-notes-20260919.md; link "../../../../docs/discovery.md")
    source: /Users/zoki/code/context/docs/discovery.md (from /Users/zoki/code/context/.scratch/records/cli-wayfinding/acceptances/04-retained-checkpoint-review-20260919.md; link "../../../../docs/discovery.md")
    source: /Users/zoki/code/context/docs/discovery.md (from /Users/zoki/code/context/.scratch/records/cli-wayfinding/acceptances/05-competing-checkpoints-20260919.md; link "../../../../docs/discovery.md")
    source: /Users/zoki/code/context/docs/discovery.md (from /Users/zoki/code/context/.scratch/records/cli-wayfinding/acceptances/02-compact-orientation-resume-20260919.md; link "../../../../docs/discovery.md")
    source: /Users/zoki/code/context/docs/discovery.md (from /Users/zoki/code/context/.scratch/records/cli-wayfinding/acceptances/06-recovery-skills-20260919.md; link "../../../../docs/discovery.md")
    Affected work:
      Resume a task without recovery notes [275621c7-0090-4d6b-95ab-04b343e9141e] /Users/zoki/code/context/.scratch/records/cli-wayfinding/issues/03-resume-without-notes.md
      Resume from a retained checkpoint [0ddb768d-f1eb-470f-abbb-6eea7e791b94] /Users/zoki/code/context/.scratch/records/cli-wayfinding/issues/04-retained-checkpoint.md
      Handle competing and interrupted checkpoints [94acbf45-cc6b-4957-b3fe-3218e955ef3f] /Users/zoki/code/context/.scratch/records/cli-wayfinding/issues/05-competing-checkpoints.md
      Teach skills to maintain and recover working notes [7ce25cb8-22e4-4012-9ba4-dee5095a5c6f] /Users/zoki/code/context/.scratch/records/cli-wayfinding/issues/06-recovery-skills.md
      Verify the complete interrupted-task workflow [a9d219cd-935b-4f9a-83db-9473e2d4ea6a] /Users/zoki/code/context/.scratch/records/cli-wayfinding/issues/07-verify-workflow.md

In progress:
  Verify the complete interrupted-task workflow [a9d219cd-935b-4f9a-83db-9473e2d4ea6a] /Users/zoki/code/context/.scratch/records/cli-wayfinding/issues/07-verify-workflow.md

New pickup shortlist: none

Project references:
  /Users/zoki/code/context/.scratch/records/cli-wayfinding/acceptances/01-share-captured-sources-compatibility-20260919.md
    acceptance (from /Users/zoki/code/context/.scratch/records/cli-wayfinding/issues/01-share-captured-sources.md; link "../acceptances/01-share-captured-sources-compatibility-20260919.md")
  /Users/zoki/code/context/.scratch/records/cli-wayfinding/acceptances/02-compact-orientation-resume-20260919.md
    acceptance (from /Users/zoki/code/context/.scratch/records/cli-wayfinding/issues/02-compact-orientation.md; link "../acceptances/02-compact-orientation-resume-20260919.md")
  /Users/zoki/code/context/.scratch/records/cli-wayfinding/acceptances/03-resume-without-notes-20260919.md
    acceptance (from /Users/zoki/code/context/.scratch/records/cli-wayfinding/issues/03-resume-without-notes.md; link "../acceptances/03-resume-without-notes-20260919.md")
  /Users/zoki/code/context/.scratch/records/cli-wayfinding/acceptances/04-retained-checkpoint-review-20260919.md
    acceptance (from /Users/zoki/code/context/.scratch/records/cli-wayfinding/issues/04-retained-checkpoint.md; link "../acceptances/04-retained-checkpoint-review-20260919.md")
  /Users/zoki/code/context/.scratch/records/cli-wayfinding/acceptances/05-competing-checkpoints-20260919.md
    acceptance (from /Users/zoki/code/context/.scratch/records/cli-wayfinding/issues/05-competing-checkpoints.md; link "../acceptances/05-competing-checkpoints-20260919.md")
  /Users/zoki/code/context/.scratch/records/cli-wayfinding/acceptances/06-recovery-skills-20260919.md
    acceptance (from /Users/zoki/code/context/.scratch/records/cli-wayfinding/issues/06-recovery-skills.md; link "../acceptances/06-recovery-skills-20260919.md")
  /Users/zoki/code/context/.scratch/records/cli-wayfinding/issues/01-share-captured-sources.md
    blocked_by (from /Users/zoki/code/context/.scratch/records/cli-wayfinding/issues/03-resume-without-notes.md; link "01-share-captured-sources.md")
  /Users/zoki/code/context/.scratch/records/cli-wayfinding/issues/02-compact-orientation.md
    blocked_by (from /Users/zoki/code/context/.scratch/records/cli-wayfinding/issues/07-verify-workflow.md; link "02-compact-orientation.md")
  /Users/zoki/code/context/.scratch/records/cli-wayfinding/issues/03-resume-without-notes.md
    blocked_by (from /Users/zoki/code/context/.scratch/records/cli-wayfinding/issues/04-retained-checkpoint.md; link "03-resume-without-notes.md")
  /Users/zoki/code/context/.scratch/records/cli-wayfinding/issues/04-retained-checkpoint.md
    blocked_by (from /Users/zoki/code/context/.scratch/records/cli-wayfinding/issues/05-competing-checkpoints.md; link "04-retained-checkpoint.md")
  /Users/zoki/code/context/.scratch/records/cli-wayfinding/issues/05-competing-checkpoints.md
    blocked_by (from /Users/zoki/code/context/.scratch/records/cli-wayfinding/issues/06-recovery-skills.md; link "05-competing-checkpoints.md")
  /Users/zoki/code/context/.scratch/records/cli-wayfinding/issues/06-recovery-skills.md
    blocked_by (from /Users/zoki/code/context/.scratch/records/cli-wayfinding/issues/07-verify-workflow.md; link "06-recovery-skills.md")
  /Users/zoki/code/context/docs/vision.md
    goal (from /Users/zoki/code/context/.scratch/records/project.md; link "../../docs/vision.md")
    context (from /Users/zoki/code/context/.scratch/records/cli-wayfinding/issues/01-share-captured-sources.md; link "../../../../docs/vision.md")
    context (from /Users/zoki/code/context/.scratch/records/cli-wayfinding/issues/02-compact-orientation.md; link "../../../../docs/vision.md")
    context (from /Users/zoki/code/context/.scratch/records/cli-wayfinding/issues/03-resume-without-notes.md; link "../../../../docs/vision.md")
    context (from /Users/zoki/code/context/.scratch/records/cli-wayfinding/issues/04-retained-checkpoint.md; link "../../../../docs/vision.md")
    context (from /Users/zoki/code/context/.scratch/records/cli-wayfinding/issues/05-competing-checkpoints.md; link "../../../../docs/vision.md")
    context (from /Users/zoki/code/context/.scratch/records/cli-wayfinding/issues/06-recovery-skills.md; link "../../../../docs/vision.md")
    context (from /Users/zoki/code/context/.scratch/records/cli-wayfinding/issues/07-verify-workflow.md; link "../../../../docs/vision.md")
  /Users/zoki/code/context/.scratch/session-orientation/spec.md
    goal (from /Users/zoki/code/context/.scratch/records/project.md; link "../session-orientation/spec.md")
  /Users/zoki/code/context/.scratch/cli-wayfinding/spec.md
    spec (from /Users/zoki/code/context/.scratch/records/cli-wayfinding/issues/01-share-captured-sources.md; link "../../../cli-wayfinding/spec.md")
    spec (from /Users/zoki/code/context/.scratch/records/cli-wayfinding/issues/02-compact-orientation.md; link "../../../cli-wayfinding/spec.md")
    spec (from /Users/zoki/code/context/.scratch/records/cli-wayfinding/issues/03-resume-without-notes.md; link "../../../cli-wayfinding/spec.md")
    spec (from /Users/zoki/code/context/.scratch/records/cli-wayfinding/issues/04-retained-checkpoint.md; link "../../../cli-wayfinding/spec.md")
    spec (from /Users/zoki/code/context/.scratch/records/cli-wayfinding/issues/05-competing-checkpoints.md; link "../../../cli-wayfinding/spec.md")
    spec (from /Users/zoki/code/context/.scratch/records/cli-wayfinding/issues/06-recovery-skills.md; link "../../../cli-wayfinding/spec.md")
    spec (from /Users/zoki/code/context/.scratch/records/cli-wayfinding/issues/07-verify-workflow.md; link "../../../cli-wayfinding/spec.md")
  /Users/zoki/code/context/CONTEXT.md
    context (from /Users/zoki/code/context/.scratch/records/cli-wayfinding/issues/01-share-captured-sources.md; link "../../../../CONTEXT.md")
    context (from /Users/zoki/code/context/.scratch/records/cli-wayfinding/issues/02-compact-orientation.md; link "../../../../CONTEXT.md")
    context (from /Users/zoki/code/context/.scratch/records/cli-wayfinding/issues/03-resume-without-notes.md; link "../../../../CONTEXT.md")
    context (from /Users/zoki/code/context/.scratch/records/cli-wayfinding/issues/04-retained-checkpoint.md; link "../../../../CONTEXT.md")
    context (from /Users/zoki/code/context/.scratch/records/cli-wayfinding/issues/05-competing-checkpoints.md; link "../../../../CONTEXT.md")
    context (from /Users/zoki/code/context/.scratch/records/cli-wayfinding/issues/06-recovery-skills.md; link "../../../../CONTEXT.md")
    context (from /Users/zoki/code/context/.scratch/records/cli-wayfinding/issues/07-verify-workflow.md; link "../../../../CONTEXT.md")
  /Users/zoki/code/context/docs/readers.md
    context (from /Users/zoki/code/context/.scratch/records/cli-wayfinding/issues/01-share-captured-sources.md; link "../../../../docs/readers.md")
    context (from /Users/zoki/code/context/.scratch/records/cli-wayfinding/issues/02-compact-orientation.md; link "../../../../docs/readers.md")
    context (from /Users/zoki/code/context/.scratch/records/cli-wayfinding/issues/03-resume-without-notes.md; link "../../../../docs/readers.md")
    context (from /Users/zoki/code/context/.scratch/records/cli-wayfinding/issues/04-retained-checkpoint.md; link "../../../../docs/readers.md")
    context (from /Users/zoki/code/context/.scratch/records/cli-wayfinding/issues/05-competing-checkpoints.md; link "../../../../docs/readers.md")
    context (from /Users/zoki/code/context/.scratch/records/cli-wayfinding/issues/06-recovery-skills.md; link "../../../../docs/readers.md")
    context (from /Users/zoki/code/context/.scratch/records/cli-wayfinding/issues/07-verify-workflow.md; link "../../../../docs/readers.md")
  /Users/zoki/code/context/docs/discovery.md
    context (from /Users/zoki/code/context/.scratch/records/cli-wayfinding/issues/01-share-captured-sources.md; link "../../../../docs/discovery.md")
    context (from /Users/zoki/code/context/.scratch/records/cli-wayfinding/issues/02-compact-orientation.md; link "../../../../docs/discovery.md")
    context (from /Users/zoki/code/context/.scratch/records/cli-wayfinding/issues/03-resume-without-notes.md; link "../../../../docs/discovery.md")
    context (from /Users/zoki/code/context/.scratch/records/cli-wayfinding/issues/04-retained-checkpoint.md; link "../../../../docs/discovery.md")
    context (from /Users/zoki/code/context/.scratch/records/cli-wayfinding/issues/05-competing-checkpoints.md; link "../../../../docs/discovery.md")
    context (from /Users/zoki/code/context/.scratch/records/cli-wayfinding/issues/06-recovery-skills.md; link "../../../../docs/discovery.md")
    context (from /Users/zoki/code/context/.scratch/records/cli-wayfinding/issues/07-verify-workflow.md; link "../../../../docs/discovery.md")
  /Users/zoki/code/context/docs/agents/acceptance.md
    context (from /Users/zoki/code/context/.scratch/records/cli-wayfinding/issues/01-share-captured-sources.md; link "../../../../docs/agents/acceptance.md")
    context (from /Users/zoki/code/context/.scratch/records/cli-wayfinding/issues/02-compact-orientation.md; link "../../../../docs/agents/acceptance.md")
    context (from /Users/zoki/code/context/.scratch/records/cli-wayfinding/issues/03-resume-without-notes.md; link "../../../../docs/agents/acceptance.md")
    context (from /Users/zoki/code/context/.scratch/records/cli-wayfinding/issues/04-retained-checkpoint.md; link "../../../../docs/agents/acceptance.md")
    context (from /Users/zoki/code/context/.scratch/records/cli-wayfinding/issues/05-competing-checkpoints.md; link "../../../../docs/agents/acceptance.md")
    context (from /Users/zoki/code/context/.scratch/records/cli-wayfinding/issues/06-recovery-skills.md; link "../../../../docs/agents/acceptance.md")
    context (from /Users/zoki/code/context/.scratch/records/cli-wayfinding/issues/07-verify-workflow.md; link "../../../../docs/agents/acceptance.md")
  /Users/zoki/code/context/docs/adr/0003-recorded-acceptance-for-readiness.md
    context (from /Users/zoki/code/context/.scratch/records/cli-wayfinding/issues/01-share-captured-sources.md; link "../../../../docs/adr/0003-recorded-acceptance-for-readiness.md")
    context (from /Users/zoki/code/context/.scratch/records/cli-wayfinding/issues/02-compact-orientation.md; link "../../../../docs/adr/0003-recorded-acceptance-for-readiness.md")
    context (from /Users/zoki/code/context/.scratch/records/cli-wayfinding/issues/03-resume-without-notes.md; link "../../../../docs/adr/0003-recorded-acceptance-for-readiness.md")
    context (from /Users/zoki/code/context/.scratch/records/cli-wayfinding/issues/04-retained-checkpoint.md; link "../../../../docs/adr/0003-recorded-acceptance-for-readiness.md")
    context (from /Users/zoki/code/context/.scratch/records/cli-wayfinding/issues/05-competing-checkpoints.md; link "../../../../docs/adr/0003-recorded-acceptance-for-readiness.md")
    context (from /Users/zoki/code/context/.scratch/records/cli-wayfinding/issues/06-recovery-skills.md; link "../../../../docs/adr/0003-recorded-acceptance-for-readiness.md")
    context (from /Users/zoki/code/context/.scratch/records/cli-wayfinding/issues/07-verify-workflow.md; link "../../../../docs/adr/0003-recorded-acceptance-for-readiness.md")
  /Users/zoki/code/context/docs/adr/0004-directory-specific-project-selection.md
    context (from /Users/zoki/code/context/.scratch/records/cli-wayfinding/issues/01-share-captured-sources.md; link "../../../../docs/adr/0004-directory-specific-project-selection.md")
    context (from /Users/zoki/code/context/.scratch/records/cli-wayfinding/issues/02-compact-orientation.md; link "../../../../docs/adr/0004-directory-specific-project-selection.md")
    context (from /Users/zoki/code/context/.scratch/records/cli-wayfinding/issues/03-resume-without-notes.md; link "../../../../docs/adr/0004-directory-specific-project-selection.md")
    context (from /Users/zoki/code/context/.scratch/records/cli-wayfinding/issues/04-retained-checkpoint.md; link "../../../../docs/adr/0004-directory-specific-project-selection.md")
    context (from /Users/zoki/code/context/.scratch/records/cli-wayfinding/issues/05-competing-checkpoints.md; link "../../../../docs/adr/0004-directory-specific-project-selection.md")
    context (from /Users/zoki/code/context/.scratch/records/cli-wayfinding/issues/06-recovery-skills.md; link "../../../../docs/adr/0004-directory-specific-project-selection.md")
    context (from /Users/zoki/code/context/.scratch/records/cli-wayfinding/issues/07-verify-workflow.md; link "../../../../docs/adr/0004-directory-specific-project-selection.md")
Task context: run ctx context with a work item's source as --ticket, using the same scope and --allow-source arguments.
Continuation: run ctx resume --ticket <work-item-source> with the same scope and --allow-source arguments; direct --bundle access also requires --checkout <working-directory>.
Expanded detail: rerun ctx orient with the same scope and --detail.
