separate-record-store-and-historical-evidence 0 read-only
resolved-decision-unblocks-task 0 read-only
restored-open-decision-blocks-task 0 read-only
compact-operator 0 read-only
detailed-operator 0 read-only
orientation-agent 0 read-only
task-context 0 read-only
resume-operator 0 read-only
other-checkout-has-no-notes 0 read-only
uncommitted-requirement-change 0 read-only
competing-successors 0 read-only
unfinished-publication 1 read-only
confirmed-stop-quarantine 0 read-only
deliberate-reconciliation 0 read-only
authorization-loss 1 read-only
current-source-limit 1 read-only
cache-entry-limit 1 read-only
cache-byte-limit 1 read-only
explicit-limit-overrides 0 read-only
independent-nongit-project 0 read-only
same-task-id-other-project-keeps-separate-namespace 0 read-only
cache-deletion-preserves-authority 0 read-only
